ASxxxx Linker V03.00 + NoICE + sdld,  page 1.
Hexadecimal  [32-Bits]

Area                                    Addr        Size        Decimal Bytes (Attributes)
--------------------------------        ----        ----        ------- ----- ------------
CABS                                00000000    00000000 =           0. bytes (ABS,CON,CODE)

      Value  Global                              Global Defined In Module
      -----  --------------------------------   ------------------------
C:   FFFFFF00  s_BSEG                          
C:   00000000  l_BIT_BANK                      
C:   00000000  l_BSEG                          
C:   00000000  l_BSEG_BYTES                    
C:   00000000  l_CABS                          
C:   00000000  l_CONST                         
C:   00000000  l_GSINIT1                       
C:   00000000  l_GSINIT5                       
C:   00000000  l_IABS                          
C:   00000000  l_ISEG                          
C:   00000000  l_PSEG                          
C:   00000000  l_REG_BANK_1                    
C:   00000000  l_REG_BANK_2                    
C:   00000000  l_REG_BANK_3                    
C:   00000000  l_RSEG                          
C:   00000000  l_RSEG0                         
C:   00000000  l_RSEG1                         
C:   00000000  l_XABS                          
C:   00000000  l_XINIT                         
C:   00000000  l_XISEG                         
C:   00000000  l_XSEG                          
C:   00000000  l__CODE                         
C:   00000000  s_BSEG_BYTES                    
C:   00000000  s_CABS                          
C:   00000000  s_DSEG                          
C:   00000000  s_HOME                          
C:   00000000  s_IABS                          
C:   00000000  s_ISEG                          
C:   00000000  s_PSEG                          
C:   00000000  s_REG_BANK_0                    
C:   00000000  s_RSEG                          
C:   00000000  s_RSEG0                         
C:   00000000  s_RSEG1                         
C:   00000000  s_XABS                          
C:   00000000  s_XABS2                         
C:   00000000  s_XABS3                         
C:   00000000  s_XABS4                         
C:   00000000  s_XABS5                         
C:   00000000  s_XABS6                         
C:   00000000  s_XABS7                         
C:   00000000  s_XABS8                         
C:   00000000  s_XISEG                         
C:   00000000  s_XSEG                          
C:   00000002  l_OSEG                          
C:   00000003  l_GSFINAL                       
C:   00000003  l_GSINIT0                       
C:   00000006  l_HOME                          
C:   00000006  s_GSINIT0                       
C:   00000008  l_REG_BANK_0                    
C:   00000008  s_OSEG                          
ASxxxx Linker V03.00 + NoICE + sdld,  page 2.
Hexadecimal  [32-Bits]

Area                                    Addr        Size        Decimal Bytes (Attributes)
--------------------------------        ----        ----        ------- ----- ------------
CABS                                00000000    00000000 =           0. bytes (ABS,CON,CODE)

      Value  Global                              Global Defined In Module
      -----  --------------------------------   ------------------------
C:   00000008  s_REG_BANK_1                    
C:   00000009  s_GSINIT1                       
C:   00000009  s_GSINIT2                       
C:   0000000A  l_GSINIT2                       
C:   0000000A  s_SSEG                          
C:   00000010  s_REG_BANK_2                    
C:   00000013  s_GSINIT3                       
C:   00000018  s_BIT_BANK                      
C:   00000018  s_REG_BANK_3                    
C:   00000020  s__CODE                         
C:   00000022  l_GSINIT3                       
C:   0000002A  l_GSINIT4                       
C:   00000035  s_GSINIT4                       
C:   0000005F  s_GSINIT                        
C:   0000005F  s_GSINIT5                       
C:   00000080  l_DSEG                          
C:   00000080  l_XABS8                         
C:   000000F6  l_SSEG                          
C:   00000100  l_IRAM                          
C:   00000100  l_XABS2                         
C:   00000100  l_XABS3                         
C:   00000100  l_XABS4                         
C:   00000100  l_XABS5                         
C:   00000100  l_XABS6                         
C:   00000100  l_XABS7                         
C:   0000022A  l_CSEG                          
C:   00002003  l_GSINIT                        
C:   00002062  s_GSFINAL                       
C:   00002065  s_CSEG                          
C:   0000228F  s_CONST                         
C:   0000228F  s_XINIT                         
ASxxxx Linker V03.00 + NoICE + sdld,  page 3.
Hexadecimal  [32-Bits]

Area                                    Addr        Size        Decimal Bytes (Attributes)
--------------------------------        ----        ----        ------- ----- ------------
XABS8                               00000000    00000080 =         128. bytes (ABS,CON,XDATA)

      Value  Global                              Global Defined In Module
      -----  --------------------------------   ------------------------
D:   00000200  _d                                 rsa_exponent

ASxxxx Linker V03.00 + NoICE + sdld,  page 4.
Hexadecimal  [32-Bits]

Area                                    Addr        Size        Decimal Bytes (Attributes)
--------------------------------        ----        ----        ------- ----- ------------
XABS7                               00000000    00000100 =         256. bytes (ABS,CON,XDATA)

      Value  Global                              Global Defined In Module
      -----  --------------------------------   ------------------------
D:   00000100  _e                                 rsa_exponent

ASxxxx Linker V03.00 + NoICE + sdld,  page 5.
Hexadecimal  [32-Bits]

Area                                    Addr        Size        Decimal Bytes (Attributes)
--------------------------------        ----        ----        ------- ----- ------------
XABS6                               00000000    00000100 =         256. bytes (ABS,CON,XDATA)

      Value  Global                              Global Defined In Module
      -----  --------------------------------   ------------------------
D:   00001400  _a                                 rsa_exponent

ASxxxx Linker V03.00 + NoICE + sdld,  page 6.
Hexadecimal  [32-Bits]

Area                                    Addr        Size        Decimal Bytes (Attributes)
--------------------------------        ----        ----        ------- ----- ------------
XABS5                               00000000    00000100 =         256. bytes (ABS,CON,XDATA)

      Value  Global                              Global Defined In Module
      -----  --------------------------------   ------------------------
D:   00001300  _rmodm                             rsa_exponent

ASxxxx Linker V03.00 + NoICE + sdld,  page 7.
Hexadecimal  [32-Bits]

Area                                    Addr        Size        Decimal Bytes (Attributes)
--------------------------------        ----        ----        ------- ----- ------------
XABS4                               00000000    00000100 =         256. bytes (ABS,CON,XDATA)

      Value  Global                              Global Defined In Module
      -----  --------------------------------   ------------------------
D:   00001200  _x                                 rsa_exponent

ASxxxx Linker V03.00 + NoICE + sdld,  page 8.
Hexadecimal  [32-Bits]

Area                                    Addr        Size        Decimal Bytes (Attributes)
--------------------------------        ----        ----        ------- ----- ------------
XABS3                               00000000    00000100 =         256. bytes (ABS,CON,XDATA)

      Value  Global                              Global Defined In Module
      -----  --------------------------------   ------------------------
D:   00001100  _r2modm                            rsa_exponent

ASxxxx Linker V03.00 + NoICE + sdld,  page 9.
Hexadecimal  [32-Bits]

Area                                    Addr        Size        Decimal Bytes (Attributes)
--------------------------------        ----        ----        ------- ----- ------------
XABS2                               00000000    00000100 =         256. bytes (ABS,CON,XDATA)

      Value  Global                              Global Defined In Module
      -----  --------------------------------   ------------------------
D:   00001000  _m                                 rsa_exponent

ASxxxx Linker V03.00 + NoICE + sdld,  page 10.
Hexadecimal  [32-Bits]

Area                                    Addr        Size        Decimal Bytes (Attributes)
--------------------------------        ----        ----        ------- ----- ------------
.  .ABS.                            00000000    00000000 =           0. bytes (ABS,CON)

      Value  Global                              Global Defined In Module
      -----  --------------------------------   ------------------------
     00000000  .__.ABS.                           _startup
     00000080  _P0                                rsa_exponent
     00000080  _P0_0                              rsa_exponent
     00000081  _P0_1                              rsa_exponent
     00000081  _SP                                rsa_exponent
     00000082  _DPL                               rsa_exponent
     00000082  _P0_2                              rsa_exponent
     00000083  _DPH                               rsa_exponent
     00000083  _P0_3                              rsa_exponent
     00000084  _P0_4                              rsa_exponent
     00000085  _P0_5                              rsa_exponent
     00000086  _P0_6                              rsa_exponent
     00000087  _P0_7                              rsa_exponent
     00000087  _PCON                              rsa_exponent
     00000088  _IT0                               rsa_exponent
     00000088  _TCON                              rsa_exponent
     00000089  _IE0                               rsa_exponent
     00000089  _TMOD                              rsa_exponent
     0000008A  _IT1                               rsa_exponent
     0000008A  _TL0                               rsa_exponent
     0000008B  _IE1                               rsa_exponent
     0000008B  _TL1                               rsa_exponent
     0000008C  _TH0                               rsa_exponent
     0000008C  _TR0                               rsa_exponent
     0000008D  _TF0                               rsa_exponent
     0000008D  _TH1                               rsa_exponent
     0000008E  _TR1                               rsa_exponent
     0000008F  _TF1                               rsa_exponent
     00000090  _P1                                rsa_exponent
     00000090  _P1_0                              rsa_exponent
     00000091  _P1_1                              rsa_exponent
     00000092  _P1_2                              rsa_exponent
     00000093  _P1_3                              rsa_exponent
     00000094  _P1_4                              rsa_exponent
     00000095  _P1_5                              rsa_exponent
     00000096  _P1_6                              rsa_exponent
     00000097  _P1_7                              rsa_exponent
     00000098  _RI                                rsa_exponent
     00000098  _SCON                              rsa_exponent
     00000099  _SBUF                              rsa_exponent
     00000099  _TI                                rsa_exponent
     0000009A  _RB8                               rsa_exponent
     0000009B  _TB8                               rsa_exponent
     0000009C  _REN                               rsa_exponent
     0000009D  _SM2                               rsa_exponent
     0000009E  _SM1                               rsa_exponent
     0000009F  _SM0                               rsa_exponent
     000000A0  _P2                                rsa_exponent
     000000A0  _P2_0                              rsa_exponent
     000000A0  __XPAGE                            
ASxxxx Linker V03.00 + NoICE + sdld,  page 11.
Hexadecimal  [32-Bits]

Area                                    Addr        Size        Decimal Bytes (Attributes)
--------------------------------        ----        ----        ------- ----- ------------
.  .ABS.                            00000000    00000000 =           0. bytes (ABS,CON)

      Value  Global                              Global Defined In Module
      -----  --------------------------------   ------------------------
     000000A1  _P2_1                              rsa_exponent
     000000A2  _P2_2                              rsa_exponent
     000000A3  _P2_3                              rsa_exponent
     000000A4  _P2_4                              rsa_exponent
     000000A5  _P2_5                              rsa_exponent
     000000A6  _P2_6                              rsa_exponent
     000000A7  _P2_7                              rsa_exponent
     000000A8  _EX0                               rsa_exponent
     000000A8  _IE                                rsa_exponent
     000000A9  _ET0                               rsa_exponent
     000000AA  _EX1                               rsa_exponent
     000000AB  _ET1                               rsa_exponent
     000000AC  _ES                                rsa_exponent
     000000AF  _EA                                rsa_exponent
     000000B0  _P3                                rsa_exponent
     000000B0  _P3_0                              rsa_exponent
     000000B0  _RXD                               rsa_exponent
     000000B1  _P3_1                              rsa_exponent
     000000B1  _TXD                               rsa_exponent
     000000B2  _INT0                              rsa_exponent
     000000B2  _P3_2                              rsa_exponent
     000000B3  _INT1                              rsa_exponent
     000000B3  _P3_3                              rsa_exponent
     000000B4  _P3_4                              rsa_exponent
     000000B4  _T0                                rsa_exponent
     000000B5  _P3_5                              rsa_exponent
     000000B5  _T1                                rsa_exponent
     000000B6  _P3_6                              rsa_exponent
     000000B6  _WR                                rsa_exponent
     000000B7  _P3_7                              rsa_exponent
     000000B7  _RD                                rsa_exponent
     000000B8  _IP                                rsa_exponent
     000000B8  _PX0                               rsa_exponent
     000000B9  _PT0                               rsa_exponent
     000000BA  _PX1                               rsa_exponent
     000000BB  _PT1                               rsa_exponent
     000000BC  _PS                                rsa_exponent
     000000D0  _P                                 rsa_exponent
     000000D0  _PSW                               rsa_exponent
     000000D1  _F1                                rsa_exponent
     000000D2  _OV                                rsa_exponent
     000000D3  _RS0                               rsa_exponent
     000000D4  _RS1                               rsa_exponent
     000000D5  _F0                                rsa_exponent
     000000D6  _AC                                rsa_exponent
     000000D7  _CY                                rsa_exponent
     000000E0  _ACC                               rsa_exponent
     000000F0  _B                                 rsa_exponent

ASxxxx Linker V03.00 + NoICE + sdld,  page 12.
Hexadecimal  [32-Bits]

Area                                    Addr        Size        Decimal Bytes (Attributes)
--------------------------------        ----        ----        ------- ----- ------------
REG_BANK_0                          00000000    00000008 =           8. bytes (REL,OVR)

      Value  Global                              Global Defined In Module
      -----  --------------------------------   ------------------------
ASxxxx Linker V03.00 + NoICE + sdld,  page 13.
Hexadecimal  [32-Bits]

Area                                    Addr        Size        Decimal Bytes (Attributes)
--------------------------------        ----        ----        ------- ----- ------------
DSEG                                00000000    00000080 =         128. bytes (REL,CON)

      Value  Global                              Global Defined In Module
      -----  --------------------------------   ------------------------
ASxxxx Linker V03.00 + NoICE + sdld,  page 14.
Hexadecimal  [32-Bits]

Area                                    Addr        Size        Decimal Bytes (Attributes)
--------------------------------        ----        ----        ------- ----- ------------
OSEG                                00000008    00000002 =           2. bytes (REL,OVR)

      Value  Global                              Global Defined In Module
      -----  --------------------------------   ------------------------
     00000008  __divsint_PARM_2                   _divuint
     00000008  __divuint_PARM_2                   _divuint
     00000008  __modsint_PARM_2                   _moduint
     00000008  __moduint_PARM_2                   _moduint

ASxxxx Linker V03.00 + NoICE + sdld,  page 15.
Hexadecimal  [32-Bits]

Area                                    Addr        Size        Decimal Bytes (Attributes)
--------------------------------        ----        ----        ------- ----- ------------
SSEG                                0000000A    000000F6 =         246. bytes (REL,OVR)

      Value  Global                              Global Defined In Module
      -----  --------------------------------   ------------------------
     0000000A  __start__stack                     rsa_exponent

ASxxxx Linker V03.00 + NoICE + sdld,  page 16.
Hexadecimal  [32-Bits]

Area                                    Addr        Size        Decimal Bytes (Attributes)
--------------------------------        ----        ----        ------- ----- ------------
HOME                                00000000    00000006 =           6. bytes (REL,CON,CODE)

      Value  Global                              Global Defined In Module
      -----  --------------------------------   ------------------------
C:   00000003  __sdcc_program_startup             rsa_exponent

ASxxxx Linker V03.00 + NoICE + sdld,  page 17.
Hexadecimal  [32-Bits]

Area                                    Addr        Size        Decimal Bytes (Attributes)
--------------------------------        ----        ----        ------- ----- ------------
GSINIT0                             00000006    00000003 =           3. bytes (REL,CON,CODE)

      Value  Global                              Global Defined In Module
      -----  --------------------------------   ------------------------
C:   00000006  __sdcc_gsinit_startup              

ASxxxx Linker V03.00 + NoICE + sdld,  page 18.
Hexadecimal  [32-Bits]

Area                                    Addr        Size        Decimal Bytes (Attributes)
--------------------------------        ----        ----        ------- ----- ------------
GSINIT2                             00000009    0000000A =          10. bytes (REL,CON,CODE)

      Value  Global                              Global Defined In Module
      -----  --------------------------------   ------------------------
ASxxxx Linker V03.00 + NoICE + sdld,  page 19.
Hexadecimal  [32-Bits]

Area                                    Addr        Size        Decimal Bytes (Attributes)
--------------------------------        ----        ----        ------- ----- ------------
GSINIT3                             00000013    00000022 =          34. bytes (REL,CON,CODE)

      Value  Global                              Global Defined In Module
      -----  --------------------------------   ------------------------
C:   00000013  __mcs51_genXINIT                   

ASxxxx Linker V03.00 + NoICE + sdld,  page 20.
Hexadecimal  [32-Bits]

Area                                    Addr        Size        Decimal Bytes (Attributes)
--------------------------------        ----        ----        ------- ----- ------------
GSINIT4                             00000035    0000002A =          42. bytes (REL,CON,CODE)

      Value  Global                              Global Defined In Module
      -----  --------------------------------   ------------------------
C:   00000035  __mcs51_genRAMCLEAR                
C:   0000003B  __mcs51_genXRAMCLEAR               

ASxxxx Linker V03.00 + NoICE + sdld,  page 21.
Hexadecimal  [32-Bits]

Area                                    Addr        Size        Decimal Bytes (Attributes)
--------------------------------        ----        ----        ------- ----- ------------
GSINIT                              0000005F    00002003 =        8195. bytes (REL,CON,CODE)

      Value  Global                              Global Defined In Module
      -----  --------------------------------   ------------------------
ASxxxx Linker V03.00 + NoICE + sdld,  page 22.
Hexadecimal  [32-Bits]

Area                                    Addr        Size        Decimal Bytes (Attributes)
--------------------------------        ----        ----        ------- ----- ------------
GSFINAL                             00002062    00000003 =           3. bytes (REL,CON,CODE)

      Value  Global                              Global Defined In Module
      -----  --------------------------------   ------------------------
ASxxxx Linker V03.00 + NoICE + sdld,  page 23.
Hexadecimal  [32-Bits]

Area                                    Addr        Size        Decimal Bytes (Attributes)
--------------------------------        ----        ----        ------- ----- ------------
CSEG                                00002065    0000022A =         554. bytes (REL,CON,CODE)

      Value  Global                              Global Defined In Module
      -----  --------------------------------   ------------------------
C:   00002065  _main                              rsa_exponent
C:   000021A7  __moduint                          _moduint
C:   000021F4  __divuint                          _divuint
C:   0000221D  __modsint                          _modsint
C:   00002253  __divsint                          _divsint
C:   0000228B  __sdcc_external_startup            _startup
ASxxxx Linker V03.00 + NoICE + sdld,  page 24.

Files Linked                              [ module(s) ]

rsa_exponent.rel                          [  ]


Libraries Linked                          [ object file ]

/usr/bin/../share/sdcc/lib/small/mcs51.lib
                                          [ crtclear.rel ]
/usr/bin/../share/sdcc/lib/small/mcs51.lib
                                          [ crtxinit.rel ]
/usr/bin/../share/sdcc/lib/small/libint.lib
                                          [ _moduint.rel ]
/usr/bin/../share/sdcc/lib/small/mcs51.lib
                                          [ crtxclear.rel ]
/usr/bin/../share/sdcc/lib/small/libint.lib
                                          [ _divuint.rel ]
/usr/bin/../share/sdcc/lib/small/mcs51.lib
                                          [ crtpagesfr.rel ]
/usr/bin/../share/sdcc/lib/small/mcs51.lib
                                          [ crtstart.rel ]
/usr/bin/../share/sdcc/lib/small/libint.lib
                                          [ _modsint.rel ]
/usr/bin/../share/sdcc/lib/small/libint.lib
                                          [ _divsint.rel ]
/usr/bin/../share/sdcc/lib/small/libsdcc.lib
                                          [ _startup.rel ]

ASxxxx Linker V03.00 + NoICE + sdld,  page 25.

User Base Address Definitions

HOME = 0x0000
ISEG = 0x0000
BSEG = 0x0000

